// Jest Snapshot v1, https://goo.gl/fbAQLP

exports[`RatingBox RatingBox component should match snapshot with all data passed in correctly and isClicked state is false 1`] = `
<button
  className="add-rating"
  onClick={[Function]}
>
  add rating
</button>
`;

exports[`RatingBox RatingBox component should match snapshot with all data passed in correctly and isClicked state is true 1`] = `
<section
  className="rating-box"
>
  <h3>
    Choose rating
  </h3>
  <div>
    <p
      className="rate-number"
      id="number1"
      key="number1"
      onClick={[Function]}
    >
      1
    </p>
    <p
      className="rate-number"
      id="number2"
      key="number2"
      onClick={[Function]}
    >
      2
    </p>
    <p
      className="rate-number"
      id="number3"
      key="number3"
      onClick={[Function]}
    >
      3
    </p>
    <p
      className="rate-number"
      id="number4"
      key="number4"
      onClick={[Function]}
    >
      4
    </p>
    <p
      className="rate-number"
      id="number5"
      key="number5"
      onClick={[Function]}
    >
      5
    </p>
    <p
      className="rate-number"
      id="number6"
      key="number6"
      onClick={[Function]}
    >
      6
    </p>
    <p
      className="rate-number"
      id="number7"
      key="number7"
      onClick={[Function]}
    >
      7
    </p>
    <p
      className="rate-number"
      id="number8"
      key="number8"
      onClick={[Function]}
    >
      8
    </p>
    <p
      className="rate-number"
      id="number9"
      key="number9"
      onClick={[Function]}
    >
      9
    </p>
    <p
      className="rate-number"
      id="number10"
      key="number10"
      onClick={[Function]}
    >
      10
    </p>
    <img
      alt="cancel"
      onClick={[Function]}
      src="cancel.svg"
    />
  </div>
</section>
`;
